// Jest Snapshot v1, https://goo.gl/fbAQLP

exports[`Ad Container Snapshots should correctly render a Canonical ad 1`] = `
<html>
  <head>
    <script
      src="https://gn-web-assets.api.bbc.com/ngas/test/dotcom-bootstrap.js"
    />
  </head>
  <body>
    .c0 {
  background-color: #F6F6F6;
  min-height: 5.5rem;
}

@media (min-width:63rem) {
  .c0 {
    min-height: 9rem;
  }
}

<div>
      <div
        class="c0"
      >
        <div
          class="dotcom-ad"
          id="dotcom-leaderboard"
        />
      </div>
    </div>
  </body>
</html>
`;

exports[`Ad Container Snapshots should correctly render an AMP ad 1`] = `
.c0 {
  background-color: #F6F6F6;
}

.amp-geo-pending .c0,
.amp-geo-group-noAds .c0 {
  display: none;
}

.c1 {
  margin: 0 auto;
  text-align: center;
  padding-bottom: 0.5rem;
}

.c2 {
  display: inline-block;
}

.c3 {
  font-size: 0.75rem;
  line-height: 1rem;
  font-family: Helmet,Freesans,Helvetica,Arial,sans-serif;
  font-weight: 400;
  font-style: normal;
  color: #5A5A5A;
  -webkit-text-decoration: none;
  text-decoration: none;
  text-transform: uppercase;
  display: block;
  padding: 0.5rem 0;
  text-align: right;
}

.c3:hover {
  -webkit-text-decoration: underline;
  text-decoration: underline;
}

@media (min-width:63rem) {
  .c1 {
    padding-bottom: 1rem;
    max-width: 63rem;
  }
}

@media (min-width:20rem) and (max-width:37.4375rem) {
  .c3 {
    font-size: 0.75rem;
    line-height: 1rem;
  }
}

@media (min-width:37.5rem) {
  .c3 {
    font-size: 0.75rem;
    line-height: 1rem;
  }
}

@media (min-width:63rem) {
  .c3 {
    padding-top: 1rem;
  }
}

<html>
  <head>
    <script
      async="true"
      custom-element="amp-ad"
      src="https://cdn.ampproject.org/v0/amp-ad-0.1.js"
    />
    <script
      async="true"
      custom-element="amp-access"
      src="https://cdn.ampproject.org/v0/amp-access-0.1.js"
    />
    <script
      id="amp-access"
      type="application/json"
    >
      {"authorization":"https://mock-toggles-endpoint.bbc.co.uk/toggles?application=simorgh&service=pidgin","noPingback":true,"authorizationFallbackResponse":{"error":true}}
    </script>
  </head>
  <body>
    <div>
      <div
        class="c0"
      >
        <amp-geo
          layout="nodisplay"
        >
          <script
            type="application/json"
          >
            {"ISOCountryGroups":{"eea":["at","ax","be","bg","bl","cy","cz","de","dk","ea","ee","es","fi","fr","gb","gf","gg","gi","gp","gr","hr","hu","ic","ie","im","is","it","je","li","lt","lu","lv","mf","mq","mt","nc","nl","no","pf","pl","pm","pt","re","ro","se","si","sj","sk","tf","va","wf","yt"]}}
          </script>
        </amp-geo>
        <div
          class="c1"
        >
          <div
            class="c2"
          >
            <a
              class="c3"
              dir="ltr"
              href="https://www.bbc.com/usingthebbc/cookies/"
              tabindex="-1"
            >
              Tori we dem pay for
            </a>
            <amp-ad
              data-a4a-upgrade-type="amp-ad-network-doubleclick-impl"
              data-amp-slot-index="0"
              data-block-on-consent="default"
              data-multi-size="320x50,300x50"
              data-npa-on-unknown-consent="true"
              data-slot="/4817/bbccom.test.site.amp.news"
              height="50"
              json="{\\"targeting\\":{\\"slot\\":\\"leaderboard\\",\\"asset_type\\":\\"index\\",\\"channel\\":\\"pidgin\\"}}"
              media="(max-width: 62.9375rem)"
              type="doubleclick"
              width="320"
            >
              <amp-img
                height="50"
                layout="responsive"
                placeholder="true"
                src="https://via.placeholder.com/320x50"
                width="320"
              />
            </amp-ad>
            <amp-ad
              data-a4a-upgrade-type="amp-ad-network-doubleclick-impl"
              data-amp-slot-index="0"
              data-block-on-consent="default"
              data-multi-size="970x250,728x90"
              data-npa-on-unknown-consent="true"
              data-slot="/4817/bbccom.test.site.amp.news"
              height="250"
              json="{\\"targeting\\":{\\"slot\\":\\"leaderboard\\",\\"asset_type\\":\\"index\\",\\"channel\\":\\"pidgin\\"}}"
              media="(min-width: 63rem)"
              type="doubleclick"
              width="970"
            >
              <amp-img
                height="250"
                layout="responsive"
                placeholder="true"
                src="https://via.placeholder.com/970x250"
                width="970"
              />
            </amp-ad>
          </div>
        </div>
      </div>
    </div>
  </body>
</html>
`;

exports[`Ad Container Snapshots should not render a Canonical ad for News 1`] = `<div />`;

exports[`Ad Container Snapshots should not render an AMP ad for News 1`] = `<div />`;
